<html>
<body>
<pre>
<h1>µVision Build Log</h1>
<h2>Tool Versions:</h2>
IDE-Version: ¦ÌVision V5.34.0.0
Copyright (C) 2021 ARM Ltd and ARM Germany GmbH. All rights reserved.
License Information: 1 3408584731@qq.com, 1, LIC=585FJ-UFHFF-MMU9I-TN7MR-XJRCC-KI6J6
 
Tool Versions:
Toolchain:       MDK-ARM Plus  Version: 5.34.0.0
Toolchain Path:  E:\Keil_V5\ARM\ARMCLANG\Bin
C Compiler:      ArmClang.exe V6.16
Assembler:       Armasm.exe V6.16
Linker/Locator:  ArmLink.exe V6.16
Library Manager: ArmAr.exe V6.16
Hex Converter:   FromElf.exe V6.16
CPU DLL:         SARMCM3.DLL V5.34.0.0
Dialog DLL:      DCM.DLL V1.17.3.0
Target DLL:      CMSIS_AGDI.dll V1.32.13.0
Dialog DLL:      TCM.DLL V1.48.0.0
 
<h2>Project:</h2>
E:\Code\Infantry_H7\MDK-ARM\AT_Infantry.uvprojx
Project File Date:  12/10/2025

<h2>Output:</h2>
*** Using Compiler 'V6.16', folder: 'E:\Keil_V5\ARM\ARMCLANG\Bin'
Rebuild target 'AT_Infantry'
compiling INS_Task.c...
compiling BMI088driver.c...
compiling QuaternionEKF.c...
compiling dm_motor_drv.cpp...
compiling Chassis_Task.cpp...
compiling kalman_filter.c...
compiling BMI088Middleware.c...
compiling algorithm_kalman.cpp...
compiling pid.cpp...
compiling remote_task.cpp...
compiling bsp_dwt.cpp...
compiling buzzer_task.cpp...
compiling drv_dji_motor.cpp...
compiling bsp_can.cpp...
compiling plotter_task.cpp...
compiling mahony_filter.c...
compiling LQR.cpp...
compiling app_preference.cpp...
compiling VMC.cpp...
compiling Legs.cpp...
compiling Mpc.cpp...
compiling main.c...
compiling gpio.c...
compiling user_lib.cpp...
compiling freertos.c...
compiling dma.c...
compiling Leg.cpp...
compiling fdcan.c...
compiling spi.c...
compiling tim.c...
compiling usart.c...
compiling stm32h7xx_it.c...
compiling stm32h7xx_hal_msp.c...
assembling startup_stm32h723xx.s...
compiling stm32h7xx_hal_timebase_tim.c...
compiling stm32h7xx_hal_cortex.c...
compiling stm32h7xx_hal_tim_ex.c...
compiling stm32h7xx_hal_flash.c...
compiling stm32h7xx_hal_rcc.c...
compiling stm32h7xx_hal_tim.c...
compiling stm32h7xx_hal_rcc_ex.c...
compiling stm32h7xx_hal_gpio.c...
compiling stm32h7xx_hal_flash_ex.c...
compiling stm32h7xx_hal_hsem.c...
compiling stm32h7xx_hal_dma_ex.c...
compiling stm32h7xx_hal_dma.c...
compiling stm32h7xx_hal_mdma.c...
compiling stm32h7xx_hal_pwr.c...
compiling stm32h7xx_hal.c...
compiling stm32h7xx_hal_pwr_ex.c...
compiling stm32h7xx_hal_i2c_ex.c...
compiling stm32h7xx_hal_exti.c...
compiling stm32h7xx_hal_spi_ex.c...
compiling stm32h7xx_hal_spi.c...
compiling stm32h7xx_hal_i2c.c...
compiling stm32h7xx_hal_fdcan.c...
compiling croutine.c...
compiling event_groups.c...
compiling stm32h7xx_hal_uart_ex.c...
compiling system_stm32h7xx.c...
compiling list.c...
compiling stm32h7xx_hal_uart.c...
compiling queue.c...
compiling stream_buffer.c...
compiling timers.c...
compiling tasks.c...
compiling port.c...
compiling heap_4.c...
compiling cmsis_os2.c...
compiling buzzer.cpp...
compiling watchdog.cpp...
compiling bmi088.cpp...
compiling mahony.cpp...
compiling plotter.cpp...
compiling math_tools.cpp...
compiling sbus.cpp...
linking...
Program Size: Code=103156 RO-data=1556 RW-data=136 ZI-data=29928  
FromELF: creating hex file...
"AT_Infantry\AT_Infantry.axf" - 0 Error(s), 0 Warning(s).

<h2>Software Packages used:</h2>

Package Vendor: ARM
                http://www.keil.com/pack/ARM.CMSIS.5.7.0.pack
                ARM.CMSIS.5.7.0
                CMSIS (Cortex Microcontroller Software Interface Standard)
   * Component: CORE Version: 5.4.0

Package Vendor: Keil
                https://www.keil.com/pack/Keil.STM32H7xx_DFP.4.1.2.pack
                Keil.STM32H7xx_DFP.4.1.2
                STMicroelectronics STM32H7 Series Device Support

<h2>Collection of Component include folders:</h2>
  .\RTE\_AT_Infantry
  C:\Users\34085\AppData\Local\Arm\Packs\ARM\CMSIS\5.7.0\CMSIS\Core\Include

<h2>Collection of Component Files used:</h2>

   * Component: ARM::CMSIS:CORE:5.4.0
      Include file:  CMSIS\Core\Include\tz_context.h
Build Time Elapsed:  00:00:03
</pre>
</body>
</html>
